"","Rhizobiaceae","Deferribacteraceae","Pseudomonadaceae","Burkholderiaceae","Hyphomicrobiales incertae sedis","Ruaniaceae","Thioalkalispiraceae","Mycobacteriaceae","Planococcaceae","Cellulomonadaceae","Pseudonocardiaceae","Paenibacillaceae","(Order)Rhodobacterales","Campylobacterales","Rickettsiaceae","Rhodospirillaceae","Clostridiaceae","Hymenobacteraceae","Carnobacteriaceae","Desulfobacterales","Comamonadaceae","Thermoanaerobacterales Family III. Incertae Sedis","Corynebacteriaceae","Pleurocapsa","Micrococcaceae","Streptomycetaceae","Phyllobacteriaceae","Rhodobacteraceae","Gemmatimonadaceae","Vibrionaceae","Planctomycetaceae","Dietziaceae","Kosmotogaceae","Morganellaceae","Acetobacteraceae","Streptococcaceae","Heliobacteriaceae","Aeromonadaceae","Peptoniphilaceae","Micromonosporaceae","Microbacteriaceae","Oceanospirillaceae","Pasteurellaceae","Thiobacillaceae","Actinomycetaceae","Erwiniaceae","Sphingomonadaceae","Shewanellaceae","Sphingobacteriaceae","Peptococcaceae","Budviciaceae","Microcystaceae","Nitrosomonadaceae","Flavobacteriaceae","Bifidobacteriaceae","Bruguierivoracaceae","Bradyrhizobiaceae","Thermaceae","Azospirillaceae","Bacteroidaceae","Thermobaculum terrenum","Gordoniaceae","Oscillospiraceae","Nocardiaceae","Cytophagaceae","Bacillaceae","Lachnospiraceae","Myxococcales","Lactobacillaceae","Veillonellaceae","Conexibacteraceae","Methylophilaceae","Blattabacteriaceae","Desulfuromonadales","Anaplasmataceae","Roseobacteraceae","Moraxellaceae","Leptotrichiaceae","Mycoplasmataceae","Porphyromonadaceae","Cyclobacteriaceae","Caulobacteraceae","Staphylococcaceae","Chromatiales incertae sedis","Bacillales incertae sedis","Parachlamydiaceae","Alcaligenaceae","Streptosporangiaceae","Alteromonadaceae","Xanthomonadaceae","Burkholderiales genera incertae sedis","Deinococcaceae","Thermodesulfobacteriaceae","Alicyclobacillaceae","Treponemataceae","Desulfovibrionales","Chlorobiaceae","Chitinophagaceae","Enterobacteriaceae","Oxalobacteraceae","Hyphomonadaceae","Pseudoalteromonadaceae","Yersiniaceae","Legionellaceae","Ezakiella","Brevibacteriaceae","Rhodocyclaceae","Weeksellaceae","Intrasporangiaceae","Cardiobacteriaceae","Atopobiaceae","Spirochaetaceae","Nostoc","Sedimentisphaeraceae","Neisseriaceae","Syntrophomonadaceae","Eubacteriaceae","Boseaceae","Calothrix","Pleomorphomonadaceae","Luteitalea","Prevotellaceae","Frankiaceae","Nocardioidaceae","Halomonadaceae","Listeriaceae","Sutterellaceae","Ectothiorhodospiraceae","Acidobacteriaceae","Fusobacteriaceae","Verrucomicrobiaceae","Promicromonosporaceae","Enterococcaceae","Dehalogenimonas lykanthroporepellens","Usitatibacteraceae","Methylobacteriaceae","Gemmataceae","Peptostreptococcaceae","Chromobacteriaceae","Roseiflexineae","Methylococcaceae","Hyphomicrobiaceae","Bogoriellaceae","Bartonellaceae","Micavibrio","Hahellaceae","Dictyoglomaceae","Natranaerobiaceae","Fulvivirgaceae","Erythrobacteraceae","Hydrogenophilaceae","Candidatus Bipolaricaulis","Barnesiellaceae","Lawsonellaceae","(Class)Synechococcales","Chromatiaceae","Pectobacteriaceae","Oscillatoriaceae","Spiroplasmataceae","Thermosynechococcus","Thermoactinomycetaceae","Halobacteriovoraceae","Microbulbiferaceae","Succinivibrionaceae","Dermabacteraceae","Piscirickettsiaceae","Erysipelotrichaceae","Nitrospiraceae","(Order)Flavobacteriales","Opitutaceae","Nautiliales","Phycisphaeraceae","Aerococcaceae","Zoogloeaceae","Dermatophilaceae","Propionibacteriaceae","Thermoleptolyngbya","Candidatus Thioglobus","Francisellaceae","Prochlorococcus","Schleiferiaceae","Rhodanobacteraceae","Stappiaceae","Flammeovirgaceae","Ornithinimicrobiaceae","Psychromonadaceae","Dysgonomonadaceae","Bdellovibrionaceae","Colwelliaceae","Brucellaceae","Alcanivoracaceae","Gomontiellaceae","endosymbiont of unidentified scaly snail isolate Monju","Synechococcus","Eggerthellaceae","Maricaulaceae","Eubacteriales incertae sedis","Tannerellaceae","Selenomonadaceae","Orbaceae","Thermosediminibacteraceae","Oscillatoriales incertae sedis","Elusimicrobiaceae","Iamiaceae","Zymomonadaceae","Phreatobacteraceae","Lacipirellulaceae","Entomoplasmataceae","Xanthobacteraceae","Coriobacteriaceae","Devosiaceae","Turicibacteraceae","Aurantimonadaceae","(Order)Propionibacteriales","Ndongobacter massiliensis","Chloroflexineae","(Order)Fusobacteriales","Methylocystaceae","Acidithiobacillaceae","Halieaceae","Kangiellaceae","Chloracidobacterium aggregatum","Beijerinckiaceae","Prolixibacteraceae","(Order)Cytophagales","Bacteriovoracaceae","(Order)Epsilonproteobacteria","Candidatus Brocadiaceae","Thermotogaceae","Sulfuricellaceae","Geodermatophilaceae","(Order)Sphingomonadales","Candidatus Saccharimonia","Thermoanaerobacteraceae","(Order)Enterobacterales","Rubrobacteraceae","Paludibacteraceae","Christensenellaceae","Enterobacterales incertae sedis","Puniceicoccaceae","(Phylum)Proteobacteria","Desulfurellales","Aphanothecaceae","Gloeobacteraceae","Cyanobium","Baekduiaceae","(Order)Hyphomicrobiales","Emcibacteraceae","Aquificaceae","(Order)Thermodesulfovibrionales","unclassified Candidatus Izimaplasma","Dehalogenimonas formicexedens","Syntrophobacterales","Mariprofundaceae","Rhodothermus","Synergistaceae","Nakamurellaceae","(Order)Alteromonadales","Spongiibacteraceae","Kaistiaceae","Marinilabiliaceae","Acidiferrobacteraceae","Anaerolineaceae","(Order)Erysipelotrichales","Rikenellaceae","Kribbellaceae","Microcoleaceae","Sphaerochaetaceae","Acholeplasmataceae","Thermohalobacteraceae","Thermomonosporaceae","Pirellulaceae","Bradymonadales","Leptospiraceae","Stellaceae","Parvibaculaceae","Dermacoccaceae","Candidatus Kinetoplastibacterium","Lichenihabitantaceae","Tsukamurellaceae","Actinopolysporaceae","Vallitaleaceae","(Class)Thermoleophilia","Corynebacteriales incertae sedis","Candidatus Nanopelagicaceae","(Class)Actinomycetia","(Phylum)Firmicutes","Thioalkalibacteraceae","Anabaena","Trueperaceae","(Phylum)Cyanobacteria","(Order)Xanthomonadales","Hafniaceae","(Order)Oceanospirillales","Acaryochloris","Sanguibacteraceae","(Order)Dehalogenimonas","(Class)Planctomycetia","Kytococcaceae","Beutenbergiaceae","(Class)Mollicutes","Muribaculaceae","Immundisolibacteraceae","Anaerohalosphaeraceae","Sporomusaceae","Marivirgaceae","Nocardiopsaceae","(Phylum)Actinobacteria","(Order)Bacteroidales","Isosphaeraceae","Fervidobacteriaceae","Thiotrichaceae","Leptolyngbya","Fibrobacteraceae","Synechocystis","Odoribacteraceae","(Class)Betaproteobacteria","(Class)Gammaproteobacteria","Rivularia","Tissierellaceae","Chrysiogenaceae","(Order)Candidatus Saccharibacteria","Mangrovivirgaceae","Thalassospiraceae","(Order)Coriobacteriales","Woeseiaceae","Waddliaceae","Chloracidobacterium validum","Moritellaceae","(Unclassified)Bacteria","Chelatococcaceae","Tepidiformaceae","Cylindrospermopsis","Euzebyaceae","Sphaerobacterales","Brachyspiraceae","(Class)Pseudanabaenales","Petrotogaceae","Sphingosinicellaceae","Thermoanaerobacterales Family IV. Incertae Sedis","Gallaecimonas","Thermodesulfobiaceae","Limnochordaceae","Candidatus Cyclonatronum proteinivorum","Caedimonadaceae","Desulfarculales","Cellvibrionaceae","Ktedonosporobacteraceae","Acidaminococcaceae","Hydrogenothermaceae","Ichthyobacteriaceae","unclassified Methylacidimicrobium","(Order)Tissierellales","Catenulisporaceae","Pelagibacterales incertae sedis","Akkermansiaceae","Kineosporiaceae","Crocinitomicaceae","(Order)Spirochaetales","(Class)Nostocales","Tepidisphaeraceae","Coleofasciculaceae","Pelagibacteraceae","(Order)Thermoanaerobacterales","(Order)Streptosporangiales","Sterolibacteriaceae","(Order)Rhodospirillales","Dehalococcoidaceae","Coxiellaceae","Borreliaceae","Acidothermaceae","(Phylum)Bacteroidetes","Chlamydiaceae","Acidimicrobiaceae","(Phylum)Chloroflexi","Azonexaceae","Rhabdochlamydiaceae","Chroococcaceae","(Class)Clostridia","Flavobacteriales incertae sedis","Halomicronema","Granulosicoccaceae","Gallionellaceae","Coprothermobacteraceae","Halanaerobiaceae","Kiritimatiellaceae","Blastochloridaceae","Egibacteraceae","(Order)Candidatus Vampirococcus archaeovorus","Wenzhouxiangellaceae","Marinifilaceae","Stanieria","Pseudanabaena","Casimicrobiaceae","(Order)Micrococcales","Aquificales genera incertae sedis","Candidatus Profftella","Idiomarinaceae","Gottschalkiaceae","(Order)Corynebacteriales","sulfur-oxidizing symbionts","(Order)Chloracidobacterium","Saprospiraceae","(Order)Nitrosomonadales","Fischerella","(Class)Bacilli","Desulfurobacteriaceae","Thermotomaculaceae","Steroidobacteraceae","Caldisericaceae","Ardenticatenaceae","Spirochaetales incertae sedis","Candidatus Reidiella","(Class)Deinococci","unclassified Dehalogenimonas","(Order)Oscillatoriales","SAR116 cluster","(Class)Acidobacteriia","(Class)Negativicutes","(Order)Cellvibrionales","Pseudohongiella","Melioribacteraceae","(Class)Alphaproteobacteria","Ilumatobacteraceae","Halobacteroidaceae","(Order)endosymbiont 'TC1' of Trimyema compressum","Fimbriimonadaceae","Glycomycetaceae","Sinobacteraceae","(Class)delta/epsilon subdivisions","(Order)Thermotogales","(Order)Bacillales","Breoghaniaceae","Mesoaciditogaceae","Miltoncostaeaceae","Dactylococcopsis","Jonesiaceae","(Order)Aquificales","Amoebophilaceae","Kordiimonadaceae","Thermomicrobiaceae","(Order)Burkholderiales","Ignavibacteriaceae","Kovacikia","Halanaerobiales incertae sedis","Oleiphilaceae","Calditrichaceae","Thermodesulfovibrionaceae","Desulfallaceae","Tenuifilaceae","Fluviibacteraceae","Segniliparaceae","Tepidanaerobacteraceae","Atribacteraceae","Tolypothrix","Endomicrobiaceae","(Order)Eubacteriales","Bryobacteraceae","Haliscomenobacteraceae","Halothiobacillaceae","(Class)Coriobacteriia","(Order)Pseudomonadales","Egicoccaceae","Nodularia","Symbiobacteriaceae","Dissulfurispiraceae","Proteinivoraceae","(Order)Lactobacillales","Caldilineaceae","Sedimentibacter","Candidatus Nardonella","Thiolapillus","Sporichthyaceae","Saccharospirillaceae","Magnetococcaceae","Koleobacteraceae","(Order)Nostocaceae","(Class)Bacteroidia","Salinibacter","Elioraeaceae","Sporolactobacillaceae","Candidatus Pseudothioglobus","Litoricolaceae","Salinivirgaceae","Thermoguttaceae","(Order)Rhodocyclales","Sedimenticola","Methylacidiphilaceae","Terasakiellaceae","(Order)Deltaproteobacteria","Candidatus Cloacimonas acidaminovorans str. Evry","(Order)Chromatiales","(Class)Thermotogae","Parvularculaceae"
"Sample",624,21,1404,627,23,19,5,591,182,105,228,1185,53,238,8,103,1547,1759,53,254,662,51,473,2,459,1237,284,333,42,210,107,18,10,98,194,1332,21,337,121,180,672,39,140,10,340,102,609,154,584,275,6,10,43,964,20275,26,433,114,161,13584,1,90,4755,275,534,1284,15951,459,19117,90,1,9,9,394,21,355,107,53,59,1160,140,240,223,23,50,13,297,68,153,516,87,148,24,79,200,369,213,550,769,338,28,77,168,33,6,85,107,446,55,23,206,62,41,8,165,20,339,62,16,6,8,4057,46,238,274,47,44,108,164,76,29,32,533,4,10,190,49,1108,149,8,157,60,8,34,3,22,5,3,115,211,3,3,1679,3,14,128,138,10,22,3,59,5,33,20,38,44,1010,30,40,88,17,12,35,92,6,181,4,6,9,4,25,127,63,24,61,3,428,21,25,83,36,1,17,159,3191,16,1615,1754,183,10,10,7,5,53,2,9,44,13,104,132,62,1152,67,5,12,8,2,42,19,20,6,6,61,94,65,1,5,2,36,55,27,48,4,92,162,31,73,135,1,18,1748,1,12,15,44,12,205,6,17,1,2,1,46,11,72,58,6,7,8,17,17,31,21,3,6359,22,6,53,26,10,63,93,46,21,8,40,15,1,2,21,1,86,1,22,7,840,1036,11,2,3,17,11,60,6,11,39,4,6,9,4,8,29166,14,13,50,7,86,105,3059,29,7,13,27,29,8,407,164,528,2,27,20,1,20,44,3,4,2,5,2,8010,25,7,11,7,12,19,1,8,32,10,2,11,8,10,3,8,39,4,60,4,2,9,2,10,3,2284,5,2,6,5,9,10,3,2,1,14,3,28,11,4,3,1307,5,19,2,113,2,6,58,5,7,24,42,1,24,10,13,10,4,17,8,2,3,11,84,3,1,1,7,66,4,7,2,1,1,191,5,1,3,1,7,12,5,4,2,1,2,1,7,3,7,4,376,7,14,4,12,11,10,7,1,159,5,2,11,3,1,2,2,1,1,156,2,1,4,3,6,2,10,29,4,6,17,1,3,3,1432,19,65,16,20,4,5,1,30,3,6,97,17,11,2,5,3,27,5,2,1,28,19,9,12,2,6,8,8,8,8,2,1,49,1,9,1,1