"","Hyphomicrobiales","Deferribacterales","Pseudomonadales","Burkholderiales","Micrococcales","Chromatiales","Corynebacteriales","Bacillales","Pseudonocardiales","Rhodobacterales","Epsilonproteobacteria","Rickettsiales","Rhodospirillales","Eubacteriales","Cytophagales","Lactobacillales","Deltaproteobacteria","Thermoanaerobacterales","Hyellaceae","Streptomycetales","Gemmatimonadales","Vibrionales","Planctomycetales","Kosmotogales","Enterobacterales","Aeromonadales","Tissierellales","Micromonosporales","Oceanospirillales","Pasteurellales","Nitrosomonadales","Actinomycetales","Sphingomonadales","Alteromonadales","Sphingobacteriales","Chroococcales","Flavobacteriales","Bifidobacteriales","Thermales","Bacteroidales","Thermobaculum","Veillonellales","Solirubrobacterales","Fusobacteriales","Mycoplasmatales","Caulobacterales","Parachlamydiales","Streptosporangiales","Xanthomonadales","Deinococcales","Thermodesulfobacteriales","Spirochaetales","Chlorobiales","Chitinophagales","Hyphomonadales","Legionellales","Tissierellia incertae sedis","Rhodocyclales","Cardiobacteriales","Coriobacteriales","Nostocaceae","Sedimentisphaerales","Neisseriales","Calotrichaceae","Vicinamibacteraceae","Frankiales","Propionibacteriales","Acidobacteriales","Verrucomicrobiales","Dehalogenimonas","Gemmatales","Chloroflexales","Methylococcales","Alphaproteobacteria incertae sedis","Dictyoglomales","Natranaerobiales","Hydrogenophilales","Candidatus Bipolaricaulota","(Class)Synechococcales","Oscillatoriales","Entomoplasmatales","Thermosynechococcaceae","Bacteriovoracales","Cellvibrionales","Thiotrichales","Erysipelotrichales","Nitrospirales","Opitutales","Phycisphaerales","Oculatellaceae","Gammaproteobacteria incertae sedis","Prochlorococcaceae","Bdellovibrionales","unclassified Gammaproteobacteria","Synechococcaceae","Eggerthellales","Maricaulales","Selenomonadales","Orbales","Thermosediminibacterales","Elusimicrobiales","Acidimicrobiales","Pirellulales","Ndongobacter","Acidithiobacillales","Chloracidobacterium","Marinilabiliales","Candidatus Brocadiales","Thermotogales","Geodermatophilales","Candidatus Saccharibacteria","Rubrobacterales","Puniceicoccales","(Phylum)Proteobacteria","Gloeobacterales","Emcibacterales","Aquificales","Thermodesulfovibrionales","Candidatus Izimaplasma","Mariprofundales","Rhodothermaceae","Synergistales","Nakamurellales","Acidiferrobacterales","Anaerolineales","Acholeplasmatales","Leptospirales","Betaproteobacteria incertae sedis","Actinopolysporales","(Class)Thermoleophilia","Candidatus Nanopelagicales","(Class)Actinomycetia","(Phylum)Firmicutes","Trueperales","(Phylum)Cyanobacteria","Acaryochloridaceae","(Class)Planctomycetia","(Class)Mollicutes","Immundisolibacterales","(Phylum)Actinobacteria","Isosphaerales","Leptolyngbyaceae","Fibrobacterales","Merismopediaceae","(Class)Betaproteobacteria","(Class)Gammaproteobacteria","Rivulariaceae","Chrysiogenales","(Unclassified)Bacteria","Tepidiformales","Aphanizomenonaceae","Euzebyales","Sphaerobacteridae","Brachyspirales","(Class)Pseudanabaenales","Petrotogales","Limnochordales","Candidatus Cyclonatronum","Holosporales","Ktedonobacterales","Acidaminococcales","Methylacidimicrobium","Catenulisporales","Pelagibacterales","Kineosporiales","(Class)Nostocales","Tepidisphaerales","Dehalococcoidales","Acidothermales","(Phylum)Bacteroidetes","Chlamydiales","(Phylum)Chloroflexi","(Class)Clostridia","Prochlorotrichaceae","Coprothermobacterales","Halanaerobiales","Kiritimatiellales","Egibacterales","Candidatus Vampirococcus archaeovorus","Dermocarpellaceae","Pseudanabaenaceae","Saprospirales","Hapalosiphonaceae","(Class)Bacilli","Desulfurobacteriales","Thermotomaculales","Nevskiales","Caldisericales","Ardenticatenales","(Class)Deinococci","(Class)Acidobacteriia","(Class)Negativicutes","Ignavibacteriales","(Class)Alphaproteobacteria","endosymbiont 'TC1' of Trimyema compressum","Fimbriimonadales","Glycomycetales","(Class)delta/epsilon subdivisions","Mesoaciditogales","Miltoncostaeales","Kordiimonadales","Thermomicrobiales","Calditrichales","Atribacterales","Tolypothrichaceae","Endomicrobiales","Bryobacterales","(Class)Coriobacteriia","Egicoccales","Caldilineales","Sporichthyales","Magnetococcales","Koleobacterales","(Class)Bacteroidia","Methylacidiphilales","Candidatus Cloacimonas acidaminovorans","(Class)Thermotogae","Parvularculales"
"Sample",2514,21,1515,2211,1692,345,1565,3280,228,741,260,29,523,27340,2666,21167,1626,166,2,1237,42,210,107,10,1530,357,157,180,419,140,184,340,902,422,584,28,1493,20275,114,61763,1,90,1,131,59,240,17,218,654,148,24,337,213,550,28,44,17,324,23,341,44,21,314,16,8,46,446,164,2313,11,49,16,157,5,5,3,3,3,14,35,35,3,6,103,66,2165,30,88,12,4,41,48,21,17,162,3191,16,233,10,27,5,79,145,12,19,18,119,2,44,27,5,43,18,1748,15,6,26,6,2,11,91,58,6,31,21,26,21,13,1,1,7,840,1036,3,17,11,6,8,14,105,29,28,29,8,164,528,2,20,8010,7,12,7,12,19,1,8,8,10,3,4,60,9,10,6,5,5,9,28,3,1307,5,2,58,7,1,42,10,10,4,2,3,67,1,191,5,1,13,1,7,4,1,7,6,376,4,12,11,7,2,11,1,1,6,1,3,3,19,20,5,17,3,5,2,28,2,1,1,1