"","Agrobacterium","Flexistipes","Pseudomonas","Neorhizobium","Paraburkholderia","Pseudorhodoplanes","Ruania","Rhizobium","Sulfurivermis","Mycolicibacterium","Solibacillus","(Family)Cellulomonadaceae","Saccharothrix","Paenibacillus","(Order)Rhodobacterales","(Family)Campylobacterales","Rickettsieae","Defluviicoccus","Burkholderia","Clostridium","Hymenobacter","Carnobacterium","Desulfobulbaceae","Hydrogenophaga","Shinella","Caldicellulosiruptor","Corynebacterium","unclassified Pleurocapsa","Arthrobacter","Streptomyces","Mesorhizobium","Paracoccus","Campylobacteraceae","Cohnella","Gemmatimonas","Vibrio","Gimesia","Cellulomonas","Dietzia","Kosmotoga","Xenorhabdus","Swingsia","Lactococcus","Heliomicrobium","Dongshaea","Anaerococcus","Micromonospora","Gryllotalpicola","Marinomonas","Mannheimia","Sulfuritortus","Schaalia","Pantoea","Sphingomonas","Desulfobacteraceae","Rothia","Actinocatenispora","Marinobacterium","Shewanella","Pseudarthrobacter","Pedobacter","Pseudonocardia","Desulfofarcimen","Jinshanibacter","Microcystis","Nitrosospira","Microbacterium","Amniculibacterium","Bifidobacterium","Sodalis","Variibacter","Delftia","Thermus","Skermanella","Bacteroides","Kocuria","Thermobaculum terrenum ATCC BAA-798","Gordonia","Fastidiosipila","Rhodococcus","Spirosoma","Pseudopedobacter","Mucilaginibacter","Peribacillus","Pseudobutyrivibrio","Cystobacterineae","Lactobacillus","Dialister","Mixta","Actinoplanes","Cupriavidus","Brevibacillus","Conexibacter","Methylophilus","Lachnoanaerobaculum","Blattabacterium","Paucilactobacillus","Bisgaardia","Geobacteraceae","Salinibacterium","Wolbachieae","Thalassococcus","Acinetobacter","Leptotrichia","Saccharomonospora","Mycoplasma","Nocardia","Nesterenkonia","Streptococcus","Porphyromonas","Kordia","Belliella","Asticcacaulis","Phytohabitans","Sporosarcina","Staphylococcus","Thiohalobacter","Bacillales Family XI. Incertae Sedis","Leucobacter","Candidatus Protochlamydia","Bordetella","Candidatus Arthromitus","Actinomyces","Muricauda","Nonomuraea","Erwinia","Marinobacter","Sinorhizobium","Stenotrophomonas","Leptothrix","Variovorax","Deinococcus","Phaeobacter","Thermosulfurimonas","Alicyclobacillus","Bacillus","Neptunomonas","Amylolactobacillus","Flavobacterium","Treponema","Mycobacterium","Brevundimonas","Desulfomicrobiaceae","Prosthecochloris","Chitinophaga","Cedecea","Enterobacteriaceae incertae sedis","Dysosmobacter","Parasaccharibacter","Gluconobacter","Dehalobacter","Janthinobacterium","Oricola","Hyphomonas","Polaribacter","Helicobacteraceae","Pseudoalteromonas","Rouxiella","Legionella","Ezakiella massiliensis","Thermoanaerobacterium","Costertonia","Sphingorhabdus","Rodentibacter","Brevibacterium","Aromatoleum","(Family)Leptotrichiaceae","Chryseobacterium","Janibacter","Companilactobacillus","Winogradskyella","Lichenicola","Cardiobacterium","(Family)Atopobiaceae","Flaviflexus","Loigolactobacillus","Spirochaeta","Nostoc flagelliforme","Prauserella","Rahnella","Pandoraea","Sedimentisphaera","Lysobacter","Acidiphilium","Bradyrhizobium","Aeromonas","Neisseria","Phocaeicola","Syntrophomonas","Alkalibacter","Bosea","Sagittula","unclassified Calothrix","Hartmannibacter","Luteitalea pratensis","Thermosulfuriphilus","Prevotella","Aquirufa","Frankia","Aeromicrobium","Halomonas","Jejubacter","Listeria","Nocardioides","Sutterella","Thiovulaceae","Aquella","Wenyingzhuangia","Xanthomonas","Alkalilimnicola","Acidobacterium","Thioalkalivibrio","Sulfitobacter","Thiospirochaeta","Roseomonas","Marixanthomonas","Geobacillus","Dehalobacterium","Ilyobacter","Roseimicrobium","Halobacillus","Desulfovibrionaceae","Planococcus","Actinoalloteichus","Veillonella","Komagataeibacter","Mycetocola","Cellulosimicrobium","(Family)Halomonadaceae","Enterococcus","Celeribacter","Comamonas","Oenococcus","Aggregatibacter","Algoriphagus","Liberibacter","Enterobacter","Dehalogenimonas lykanthroporepellens BL-DC-9","Planktomarina","Usitatibacter","Methylorubrum","Salicibibacter","Phycicoccus","(Family)Chitinophagaceae","(Family)Gemmataceae","Pikeienuella","Salinivibrio","Clostridioides","(Family)Desulfovibrionales","Herbaspirillum","(Family)Chromobacteriaceae","Roseiflexaceae","Saccharopolyspora","Serratia","Agromyces","Methylomonas","Azospirillum","Photobacterium","Hyphomicrobium","Georgenia","Qingshengfaniella","Sorangiineae","Romboutsia","Ligilactobacillus","Amycolatopsis","Thermincola","Bartonella","(Family)Lactobacillaceae","Apibacter","Psychroflexus","Micavibrio aeruginosavorus","Hahella","Dictyoglomus","Natranaerobius","Scardovia","Methylococcus","Azospira","Roseburia","Ruminiclostridium","Ottowia","Fulvivirga","Streptacidiphilus","Priestia","Altererythrobacter","Neochlamydia","Hydrogenophilus","Candidatus Bipolaricaulis anaerobius","Raoultella","Latilactobacillus","Nannocystineae","Novosphingobium","Sediminispirochaeta","Barnesiella","Lawsonella","(Class)Synechococcales","Desulfuromonadaceae","Arachidicoccus","Actinotignum","Allochromatium","Monaibacterium","Ensifer","Alteromonas","Arsenicicoccus","Pectobacterium","Cellulophaga","Chitinolyticbacter","Oscillatoria","Caloramator","Spiroplasma","unclassified Thermosynechococcus","Blastomonas","Rufibacter","Candidatus Nitrosoglobus","Klebsiella","Thermobispora","Cronobacter","Methylogaea","Nitrospirillum","Yersinia","Pseudorhizobium","Caproiciproducens","Escherichia","Chromobacterium","Kroppenstedtia","Paenarthrobacter","Halobacteriovorax","Ehrlichia","Nibribacter","Microbulbifer","Kaistella","Aquitalea","Succinivibrio","(Family)Enterococcaceae","Panacibacter","Thermodesulfobacterium","Thermoanaerosceptrum","Butyrivibrio","Weissella","Acidovorax","Lacticaseibacillus","Brachybacterium","(Family)Piscirickettsiaceae","Liquorilactobacillus","Oceanobacillus","Paenisporosarcina","Atopobium","Virgibacillus","Erysipelothrix","Sphingopyxis","Sinomonas","Methylophaga","Dokdonia","Polynucleobacter","Gallibacterium","Providencia","Verminephrobacter","Arenibacter","Nitrospira","Viridibacillus","(Order)Flavobacteriales","Faecalibacterium","Oleiharenicola","Myroides","Nitratiruptoraceae","Bacterioplanes","Phycisphaera","Kyrpidia","Aerococcus","Azoarcus","Thermomonas","Alicycliphilus","Austwickia","Citrobacter","Asaia","Mammaliicoccus","Riemerella","Filomicrobium","Dermabacter","Acidipropionibacterium","(Family)Thermoleptolyngbya","Luteolibacter","Saccharibacillus","Thiomicrospira","Mesobacillus","Tateyamaria","Candidatus Thioglobus autotrophicus","Ferrovibrio","Sphingobacterium","Mycolicibacter","Francisella","Thiomicrorhabdus","Prochlorococcus marinus","Jeongeupia","Mitsuaria","Owenweeksia","Catenovulum","Basfia","Capnocytophaga","Xylophilus","Fusobacterium","Lactiplantibacillus","Cutibacterium","Dyella","Leifsonia","Pannonibacter","Phyllobacterium","Lysinibacillus","(Family)Cyclobacteriaceae","Flammeovirga","Candidatus Formimonas","(Family)Zoogloeaceae","Pusillimonas","Serinicoccus","Psychromonas","Dysgonomonas","Bdellovibrio","Desulfitobacterium","Cognaticolwellia","Aquimarina","Brucella","Nitratireductor","Alcanivorax","Roseovarius","Crinalium","(Family)endosymbiont of unidentified scaly snail isolate Monju","Undibacterium","unclassified Synechococcus","Eggerthella","Marinicauda","Methylotenera","Eikenella","Clostridiales Family XVII. Incertae Sedis","(Family)Tannerellaceae","Ethanoligenens","Oceanimonas","Faecalibacillus","Heliorestis","Megamonas","Denitrovibrio","Ruthenibacterium","(Family)Caulobacteraceae","Frischella","Rathayibacter","Methylovulum","Novibacillus","Thermosediminibacter","Koinonema","Elusimicrobium","Aneurinibacillus","Parolsenella","Aquihabitans","Zymomonas","Arcanobacterium","Labrenzia","Melissococcus","Phreatobacter","Berryella","Parashewanella","unclassified Nostoc","Pirellulimonas","Microvirga","Pseudocnuella","Mesoplasma","Anaplasma","Starkeya","Jeotgalibacillus","Collinsella","Pseudogulbenkiania","Meiothermus","Sphingobium","Gordonibacter","Epibacterium","Maribacter","Devosia","Chromohalobacter","Cellulosilyticum","Lachnoclostridium","Turicibacter","Laribacter","Nautiliaceae","Metabacillus","Arsenophonus","Tessaracoccus","Aureimonas","Rhodoferax","Echinicola","(Family)Rhodobacteraceae","(Order)Propionibacteriales","Kushneria","Tetrasphaera","(Family)Aeromonadaceae","Granulicella","Oxalobacter","(Family)Ndongobacter massiliensis","Brenneria","Parasphingopyxis","(Family)Sphingomonadaceae","Chloroflexaceae","(Order)Fusobacteriales","Methylosinus","Acidithiobacillus","Halioglobus","Kangiella","Dyadobacter","Chloracidobacterium sp. N","Chryseoglobus","(Family)Erysipelotrichaceae","(Family)Lachnospiraceae","Methylocella","Draconibacterium","(Order)Cytophagales","Methylobacillus","Bacteriovorax","Pseudohalocynthiibacter","Duganella","Anoxybacillus","Lonsdalea","Salipiger","Tannerella","(Family)Peptostreptococcaceae","(Order)Epsilonproteobacteria","Parasphingorhabdus","Oceanihabitans","Candidatus Kuenenia","Thermotoga","Sulfuriferula","Geodermatophilus","Polaromonas","(Order)Sphingomonadales","Silicimonas","(Family)Xanthomonadaceae","Niabella","Suicoccus","Candidatus Nanosynbacterales","Thermoanaerobacter","(Family)Iamiaceae","Heyndrickxia","(Family)Bacteroidaceae","Jeotgalibaca","(Order)Enterobacterales","(Family)Bradyrhizobiaceae","Cycloclasticus","Ornithinimicrobium","Massilia","Rubrobacter","Kutzneria","Anaerostipes","Solibaculum","Lacimicrobium","(Family)Micrococcaceae","Achromobacter","Paludibacter","Aestuarium","Glaciecola","Kurthia","Methylocystis","Glaesserella","Orrella","Gracilibacillus","Jeotgalicoccus","Christensenella","Caulobacter","Plesiomonas","Ruficoccus","Oerskovia","(Phylum)Proteobacteria","Desulfurellaceae","Runella","Nonlabens","Halothece cluster","Chlorobaculum","Anthocerotibacter","Glycocaulis","Edaphobacter","(Family)Cyanobium","Salmonella","Symmachiella","Thermoclostridium","Baekduia","Magnetospirillum","(Family)Chloracidobacterium aggregatum","Yoonia","(Order)Hyphomicrobiales","Diaphorobacter","Mediterraneibacter","Parabacteroides","Nitrosomonas","Luteithermobacter","Galbibacter","Luteimonas","(Family)Bacillaceae","Thermocrinis","Empedobacter","Caballeronia","Acetobacter","Aquabacterium","(Order)Thermodesulfovibrionales","Dokdonella","Collimonas","Candidatus Izimaplasma sp. HR1","Tatlockia","Photorhabdus","Ramlibacter","(Family)Dehalogenimonas formicexedens","Rubrivivax","Haemophilus","Microlunatus","Salinicola","Syntrophaceae","Aquisediminimonas","Indioceanicola","Mariprofundus","Flavisolibacter","Limosilactobacillus","(Family)Rhizobiaceae","Moorea","Rhodothermus marinus","Nitrosococcus","Micropruina","Cryptobacterium","Eubacterium","Synechococcus lividus","Seonamhaeicola","Pradoshia","Chitinimonas","Aminobacterium","Lentzea","Rippkaea","Paraglaciecola","Lelliottia","Zobellia","Bacillales Family XII. Incertae Sedis","Gelria","Kosakonia","(Family)Cytophagaceae","Youhaiella","Sulfurovaceae","Effusibacillus","Cryobacterium","Rossellomorea","Nakamurella","(Order)Alteromonadales","Propionibacterium","Psychrobacter","Anaerocolumna","Pseudoxanthomonas","Zhongshania","Kaistia","Alkalitalea","Methylobacterium","Sulfurifustis","Azorhizobium","Brevefilum","(Order)Erysipelotrichales","Candidatus Hepatoplasma","Vagococcus","(Family)Staphylococcaceae","Herbiconiux","Cytobacillus","Alistipes","Croceibacterium","Kribbella","Georhizobium","Arthrospira","Sphaerochaeta","(Family)Carnobacteriaceae","(Family)Sphingobacteriaceae","Cloacibacillus","Xylanimonas","Acholeplasma","Abiotrophia","(Family)Eubacteriales incertae sedis","(Family)Synechococcus","Caloranaerobacter","Orbus","Roseivivax","Thermomonospora","Pirellula","Frigoribacterium","(Family)Erythrobacteraceae","Murdochiella","Ruminococcus","Euzebyella","(Family)Burkholderiales genera incertae sedis","Azotobacter","Olsenella","Roseimaritima","Muriicola","Limnobaculum","(Family)Brucellaceae","Bradymonadaceae","Parascardovia","Tetragenococcus","Changchengzhania","Gloeobacter","Thauera","Leptospira","Trueperella","Nostoc edaphicum","Stella","Phytobacter","Oceanithermus","Acetoanaerobium","Pyruvatibacter","Dermacoccus","Candidatus Kinetoplastibacterium crithidii","(Family)Alcaligenaceae","Rhodopseudomonas","Lichenihabitans","Leuconostoc","Avibacterium","Tsukamurella","Gemmata","Thermovirga","Actinopolyspora","Vallitalea","Blautia","Chlorobium","Elizabethkingia","Adlercreutzia","Curtobacterium","(Class)Thermoleophilia","Selenomonas","Sphaerotilus","Plantactinospora","Tomitella","Halotalea","Aminobacter","Mariniflexile","Pararhodospirillum","Candidatus Planktophila","(Class)Actinomycetia","Spiribacter","(Phylum)Firmicutes","Pediococcus","Modestobacter","Eubacteriales Family XIII. Incertae Sedis","Gramella","Gilliamella","Guyparkeria","(Family)Propionibacteriaceae","Anabaena cylindrica","Syntrophobacteraceae","Simplicispira","Truepera","Salimicrobium","Mycoplasmopsis","(Phylum)Cyanobacteria","(Order)Xanthomonadales","Formosa","Limnoglobus","Pseudolabrys","Denitrobacterium","Synechococcus elongatus","Methylocaldum","Terribacillus","Edwardsiella","Olleya","Pimelobacter","Lentilitoribacter","(Order)Oceanospirillales","Acaryochloris marina","Sanguibacter","Martelella","(Order)Dehalogenimonas","(Class)Planctomycetia","Aurantiacibacter","Hafnia","Schleiferilactobacillus","Chryseolinea","Kytococcus","Rhodovulum","Pontibacillus","Beutenbergia","(Family)Chlorobiaceae","Mesotoga","Anseongella","Ahniella","(Class)Mollicutes","Desulfosporosinus","Thiosulfativibrio","Muribaculum","Moraxella","Immundisolibacter","Thioclava","Anaerohalosphaera","(Family)Sporomusaceae","Tepidimonas","Ralstonia","Petrocella","Glutamicibacter","Actinomadura","Marivirga","Salinispira","(Family)Chromatiaceae","Macrococcus","Peptoniphilus","Streptomonospora","Sulfuricella","Leclercia","Rhodanobacter","Metakosakonia","Terrihabitans","Rhodobacter","Syntrophobotulus","(Phylum)Actinobacteria","Herbinix","(Order)Bacteroidales","Chloracidobacterium sp. MS 40/45","Paludisphaera","Syntrophotaleaceae","Pelolinea","Weizmannia","Aequoribacter","Thermosipho","(Family)Methylobacteriaceae","Porphyrobacter","Salegentibacter","Thiothrix","Actinobacillus","Entomomonas","Proteus","(Family)Barnesiellaceae","Acetivibrio","Luteibacter","unclassified Leptolyngbya","Fibrobacter","Oscillibacter","unclassified Synechocystis","Pseudochrobactrum","Frigoriglobus","Pelodictyon","Plantibacter","Butyricimonas","(Class)Betaproteobacteria","Methylotuvimicrobium","(Class)Gammaproteobacteria","Polymorphum","Buchnera","Marinilactibacillus","Pelagibacterium","Octadecabacter","Croceicoccus","unclassified Rivularia (in: Bacteria)","Clavibacter","Tissierella","(Family)Phycisphaeraceae","Frederiksenia","Aliivibrio","Pseudothermotoga","Desulfurispirillum","Kerstersia","unclassified Candidatus Thioglobus","(Order)Candidatus Saccharibacteria","Planctomyces","Niallia","Buttiauxella","Kluyvera","Methylibium","Rhodocytophaga","Mangrovivirga","(Family)Muribaculaceae","Candidatus Koribacter","(Family)Streptococcaceae","Magnetospira","(Order)Coriobacteriales","Nitrincola","Rhodospirillum","Lentilactobacillus","(Family)Oscillospiraceae","Woeseia","Thiocystis","Erythrobacter","Labrys","Psychrobacillus","Qipengyuania","Thiomonas","Megasphaera","Waddlia","Clostridiales Family XVI. Incertae Sedis","Pseudoclostridium","Cobetia","Ephemeroptericola","Serpentinomonas","Pseudactinotalea","(Family)Chloracidobacterium validum","Moritella","Pigmentiphaga","(Unclassified)Bacteria","Anaerolinea","Chelatococcus","Oceanisphaera","Mycobacteroides","Longibaculum","Tepidiforma","Zunongwangia","unclassified Cyanobium","Hathewaya","Winkia","(Family)Cylindrospermopsis","Dinoroseobacter","Ketobacter","Roseobacter","Hoeflea","Euzebya","Sphaerobacterineae","Bombilactobacillus","Aureliella","Brachyspira","(Class)Pseudanabaenales","Thalassospira","Cloacibacterium","Syntrophothermus","Defluviitoga","Phoenicibacter","Rhodopirellula","(Family)Acidobacteriaceae","Croceimicrobium","Polymorphobacter","Mahella","Gallaecimonas mangrovi","Rubripirellula","Thermodesulfobium","Limnochorda","(Family)Hyphomicrobiaceae","Salinimonas","Aequorivita","Tsuneonella","Thioflavicoccus","(Family)Candidatus Cyclonatronum proteinivorum","Arachnia","Micrococcus","Niastella","Subtercola","Dermatophilus","Pseudoleptotrichia","Candidatus Nucleicultrix","Desulfarculaceae","Teredinibacter","Leisingera","Tumebacillus","Sphingosinicella","Candidatus Profftia","Nocardiopsis","Bremerella","Agarilytica","Fictibacillus","Ktedonosporobacter","(Family)Isosphaeraceae","Saliniradius","Tatumella","(Family)Comamonadaceae","Phascolarctobacterium","Protaetiibacter","Persephonella","(Family)Peptoniphilaceae","Ichthyobacterium","Sulfurihydrogenibium","Methylacidimicrobium sp. AP8","(Family)Thermaceae","(Order)Tissierellales","(Family)Odoribacteraceae","Frateuria","Blastococcus","Catenulispora","Candidatus Fonsibacter","(Family)Streptomycetaceae","Thiodictyon","Anatilimnocola","Pelagovum","Singulisphaera","Akkermansia","Aurantimicrobium","Kineococcus","Kineobactrum","Fluviicola","(Order)Spirochaetales","Desulfocapsaceae","Nostoc punctiforme","Cyanobium gracile","Pluralibacter","Ureaplasma","Skermania","Oxynema","(Class)Nostocales","Humisphaera","Morganella","Allocoleopsis","Salinicoccus","Candidatus Pelagibacter","Cellvibrio","Kitasatospora","Verrucosispora","Hungatella","Boseongicola","Coriobacterium","Paraflavitalea","(Order)Thermoanaerobacterales","Cnuibacter","(Order)Streptosporangiales","Denitratisoma","Aquisalimonas","Rhizobacter","(Order)Rhodospirillales","Isosphaera","Dehalococcoides","Finegoldia","Coxiella","Borreliella","Hydrogenobacter","Alkalihalobacillus","Acidothermus","Aeribacillus","(Phylum)Bacteroidetes","Chlamydia","Acidimicrobium","Castellaniella","Sediminibacillus","(Phylum)Chloroflexi","Methylomagnum","Hyphobacterium","Mycoavidus","Dechloromonas","Cereibacter","Candidatus Rhabdochlamydia","Lacrimispora","Apilactobacillus","Alkaliphilus","Lacinutrix","Chondrocystis","(Family)Peptococcaceae","(Class)Clostridia","Niveibacterium","Candidatus Portiera","Candidatus Walczuchella","Fuerstia","(Family)Clostridiaceae","Crassaminicella","Halomicronema hongdechloris","Brochothrix","Parasedimentitalea","Flavivirga","Candidatus Atelocyanobacterium","Limihaloglobus","Aeoliella","Ruegeria","Granulosicoccus","Methyloceanibacter","Dactylosporangium","Adhaeribacter","Caldichromatium","Candidatus Syntrophocurvum","Zobellella","Hypericibacter","Coraliomargarita","Isoptericola","Ferrigenium","Coprothermobacter","Lentibacillus","Ammonifex","Candidatus Phytoplasma","Rhodoplanes","Caldalkalibacillus","(Family)Methylococcaceae","Diaminobutyricimonas","(Family)Pectobacteriaceae","Halanaerobium","Lacibacter","(Family)Oxalobacteraceae","Duncaniella","Kiritimatiella","Flintibacter","Blastochloris","Deefgea","Anaerobutyricum","Sarcina","Rhizorhabdus","Egibacter","(Order)Candidatus Vampirococcus archaeovorus","Wenzhouxiangella","Colwellia","Cognatishimia","(Family)Microbacteriaceae","Labilibaculum","Thaumasiovibrio","Mesoflavibacter","Stanieria cyanosphaera","Levilactobacillus","unclassified Pseudanabaena","Casimicrobium","(Order)Micrococcales","Thermosulfidibacter","Methylovirgula","Xanthobacter","Candidatus Desulforudis","Candidatus Profftella armatura","Coprobacter","Idiomarina","Gottschalkia","(Order)Corynebacteriales","Longicatena","Conchiformibius","Acidiferrobacter","Citromicrobium","Spongiibacter","Bathymodiolus septemdierum thioautotrophic gill symbiont","Maricaulis","Paraliobacillus","Paraphotobacterium","(Order)Chloracidobacterium","Mageeibacillus","Tamlana","Yokenella","Saprospira","(Order)Nitrosomonadales","Leminorella","unclassified Fischerella","Paludibacterium","Gibbsiella","Paeniglutamicibacter","Rickettsiella","(Family)Desulfuromonadales","Roseitalea","(Class)Bacilli","Desulfotomaculum","Falsirhodobacter","Alcaligenes","Ferribacterium","Desulfohalobiaceae","Thermovibrio","Halorhodospira","Pasteurella","Sutcliffiella","Pelosinus","Thermacetogenium","Methylomusa","Halocella","Ancylobacter","Thermotomaculum","Phenylobacterium","Iodobacter","Steroidobacter","Candidatus Vesicomyosocius","Caldisericum","Candidatus Promineofilum","Breznakiella","Luteipulveratus","(Family)Phyllobacteriaceae","Pontibacter","Candidatus Reidiella endopervernicosa","Piscirickettsia","Furfurilactobacillus","Abyssicoccus","Paenalcaligenes","Dolosigranulum","(Class)Deinococci","Dickeya","Lignipirellula","(Family)Mycoplasmataceae","Melaminivora","Frondihabitans","Cylindrospermopsis curvispora","Algibacter","Nitrobacter","Oceanispirochaeta","(Family)Colwelliaceae","Thermobacillus","Staphylospora","Dehalogenimonas sp. GP","Lautropia","(Family)Planococcaceae","Thermobifida","Agarivorans","Neobacillus","Thermodesulfatator","Planctopirus","Candidatus Moranella","Acidaminococcus","Gluconacetobacter","Neomicrococcus","Glaciihabitans","Kozakia","Bathymodiolus thermophilus thioautotrophic gill symbiont","Amphibacillus","Agrococcus","Pontivivens","Marichromatium","(Family)Weeksellaceae","Candidatus Nanopelagicus","(Order)Oscillatoriales","Stappia","Keratinibaculum","Tenacibaculum","Psychromicrobium","Pseudoclavibacter","(Family)Rhodospirillaceae","Ketogulonicigenium","Oceanicoccus","Polycladomyces","Geosporobacter","Fervidobacterium","(Family)Rhodanobacteraceae","Gudongella","(Family)Roseobacteraceae","(Family)Mycobacteriaceae","Candidatus Puniceispirillum","Amedibacterium","Polystyrenella","Rosistilla","(Family)Dysgonomonadaceae","Profundibacter","(Class)Acidobacteriia","Actinobaculum","Limnohabitans","Erysipelatoclostridium","(Family)Hafniaceae","Hankyongella","Ewingella","Marinitoga","Ureibacillus","Cruoricaptor","(Class)Negativicutes","Rhodomicrobium","(Order)Cellvibrionales","Rubinisphaera","Parageobacillus","Cyclobacterium","Pseudohongiella spirulinae","Intrasporangium","unclassified Anabaena","Anaerobacillus","Terriglobus","Odoribacter","Actinomarinicola","Olivibacter","Pelagerythrobacter","Fructilactobacillus","Quatrionicoccus","Sediminicola","Tardibacter","Melioribacter","Maritalea","(Family)Pseudomonadaceae","Sphingosinithalassobacter","Advenella","(Class)Alphaproteobacteria","Methyloradius","Aquicella","(Family)Burkholderiaceae","Thermochromatium","Musicola","Ilumatobacter","Halobacteroides","Paraoceanicella","Atlantibacter","Shigella","Turneriella","(Family)Pseudonocardiaceae","Roseicitreum","Renibacterium","Poriferisphaera","(Order)endosymbiont 'TC1' of Trimyema compressum","Granulicatella","Fimbriimonas","Natronoglycomyces","Sinimarinibacterium","Oryzomicrobium","Caproicibacterium","(Class)delta/epsilon subdivisions","(Order)Thermotogales","(Order)Bacillales","Breoghania","Afipia","Actinosynnema","Solimonas","Lacunisphaera","Peptoclostridium","Nosocomiicoccus","Geminocystis","Enterocloster","Athalassotoga","Miltoncostaea","Caenibius","Ferriphaselus","Candidatus Ishikawaella","Ornithobacterium","Evansella","Nibricoccus","Bergeyella","Devriesea","Amphritea","Dactylococcopsis salina","Urbifossiella","Jonesia","Actibacterium","(Order)Aquificales","Candidatus Amoebophilus","Kordiimonas","Desulfurobacterium","Pukyongia","Sulfurimicrobium","Radiobacillus","Lapidilactobacillus","Haematobacter","Secundilactobacillus","Thalassotalea","Pectinatus","Halocynthiibacter","Pseudorhodobacter","Geitlerinema","Pseudoprevotella","Thermomicrobium","Grimontia","(Order)Burkholderiales","Streptobacillus","Massilistercora","Coprococcus","Ignavibacterium","Sporomusa","Niveispirillum","Haematospirillum","Antarcticibacterium","Intestinimonas","Flagellimonas","Mobiluncus","unclassified Kovacikia","Flavonifractor","(Family)Actinomycetaceae","Oceanicola","Anoxybacter","Acetobacterium","Oleiphilus","(Family)Pasteurellaceae","Hydrogenibacillus","Granulibacter","Altibacter","Acetomicrobium","Salaquimonas","Spartinivicinus","Caldibacillus","Catellatospora","Peteryoungia","Simonsiella","Pukyongiella","Beggiatoa","Acidihalobacter","Caldithrix","Beijerinckia","(Family)Enterobacteriaceae","Maribius","Lancefieldella","Acidibrevibacterium","Candidatus Sulcia","Lacipirellula","Petrotoga","Thermodesulfovibrio","Yimella","(Family)Intrasporangiaceae","Paraurantiacibacter","(Family)Ornithinimicrobiaceae","Marinithermus","Antarctobacter","Roseibacterium","Pseudooceanicola","Geovibrio","Candidatus Endolissoclinum","Lutibacter","Desulfoscipio","Pragia","Carboxydothermus","Tenuifilum","Fluviibacter","Aquaspirillum","Segniliparus","Tepidanaerobacter","Atribacter","Auritidibacter","Agreia","Nostoc sphaeroides","(Family)Thermosynechococcus","Tistrella","Sulfuritalea","Miniimonas","Pontimonas","unclassified Tolypothrix","Arcticibacterium","Acetilactobacillus","Tepiditoga","Peptacetobacter","Jannaschia","Endomicrobium","Ferruginibacter","Pulveribacter","Hirschia","Iamia","Tolumonas","Pseudobacter","Ectothiorhodospira","(Order)Eubacteriales","Faecalibaculum","Paludibaculum","Novosphingopyxis","Hydrogenimonaceae","Haliscomenobacter","(Family)Paenibacillaceae","Entomoplasma","Thermanaerovibrio","Halothiobacillus","Hydrogenobaculum","Raineyella","Gloeothece","Hoyosella","(Family)Yersiniaceae","(Class)Coriobacteriia","Basilea","(Order)Pseudomonadales","Brevilactibacter","Aerosticca","Simiduia","Egicoccus","Sulfuriflexus","Glaciimonas","Sandaracinobacter","Acetohalobium","(Family)Desulfobacterales","Nodularia spumigena","(Family)Myxococcales","Candidatus Riesia","(Family)Eggerthellaceae","Symbiobacterium","Candidatus Symbiobacter","Dissulfurispira","Hydrogenovibrio","Parvimonas","Moorella","Alkalicella","(Order)Lactobacillales","Caldilinea","unclassified Sedimentibacter","endosymbiont of Sipalinus gigas","Lachnospira","Mumia","Intestinibaculum","(Family)Borreliaceae","Sebaldella","Scandinavium","(Family)Devosiaceae","Thiolapillus brandeum","Thiobacillus","Epidermidibacterium","Defluviimonas","Bibersteinia","Gemmobacter","Gynuella","Magnetococcus","Koleobacter","(Family)Alteromonadaceae","(Family)Flavobacteriaceae","(Family)Nocardiaceae","Solitalea","Kinneretia","Petrimonas","Aquisphaera","(Family)Micromonosporaceae","Pseudopuniceibacterium","Deferribacter","Mameliella","(Order)Nostocaceae","Lederbergia","Caldanaerobacter","(Class)Bacteroidia","Rheinheimera","Citricoccus","Cytophaga","Bulleidia","Histophilus","Ciceribacter","Sulfuricaulis","Chloroherpeton","Salinibacter ruber","Elioraea","(Family)Hymenobacteraceae","Maribellus","Kibdelosporangium","Tardiphaga","Sporolactobacillus","(Family)Prevotellaceae","Candidatus Pseudothioglobus singularis","Permianibacter","Streptosporangium","Maioricimonas","Croceibacter","Kaustia","Litoricola","Urechidicola","Phnomibacter","Nordella","Salinivirga","Kingella","Xylanimicrobium","Paremcibacter","(Family)Vibrionaceae","Proteiniphilum","Neoasaia","Tabrizicola","Methylomicrobium","Thermogutta","Mariniblastus","Cylindrospermopsis raciborskii","Parvibaculum","Acidisarcina","Weeksella","(Family)Azospirillaceae","(Family)Azonexaceae","Robiginitalea","Filifactor","Gephyromycinifex","Sodaliphilus","(Order)Rhodocyclales","(Family)Bifidobacteriaceae","Sedimenticola thiotaurini","(Family)Erwiniaceae","Humibacter","Gallionella","Stackebrandtia","Methylacidiphilum","Thermoactinomyces","Schlegelella","Terasakiella","Rhodobaca","Paucibacter","(Order)Deltaproteobacteria","Rummeliibacillus","(Family)Streptosporangiaceae","Xylella","Fibrella","Halothermothrix","Slackia","Leeuwenhoekiella","Opitutus","Roseateles","(Family)Candidatus Cloacimonas acidaminovorans str. Evry","Fannyhessea","Pacificitalea","Parachlamydia","Aquirhabdus","Leptospirillum","Algicoccus","(Order)Chromatiales","Telmatocola","Candidatus Methylospira","Anaerotignum","Actinotalea","(Family)Veillonellaceae","Roseococcus","Alysiella","Paeniclostridium","Oblitimonas","Adhaeretor","Laceyella","Inhella","(Class)Thermotogae","Methylacidimicrobium sp. B4","Hydrocarboniclastica","Saccharospirillum","Gemmatirosa","Gardnerella","Sideroxydans","Oligella","Paraclostridium","Taylorella","Parvularcula","Boudabousia"
"Sample",84,1,1363,36,133,17,19,347,5,296,15,2,21,970,53,6,8,9,206,978,1344,26,40,82,9,33,473,2,210,1166,196,91,141,42,28,175,27,93,18,6,31,4,719,18,8,15,49,17,19,13,3,31,61,244,182,53,7,12,150,58,162,50,8,2,10,19,275,2,20219,26,6,15,46,21,12373,39,1,87,10,134,315,8,182,29,115,250,18589,14,13,73,84,82,1,1,93,9,7,10,292,19,9,2,70,32,18,37,138,9,581,1160,8,1,38,10,58,166,23,20,48,5,136,11,147,44,39,16,63,58,128,5,134,148,47,5,24,511,4,20,267,200,226,91,13,45,295,38,5,110,1,13,43,51,17,5,23,54,77,4,32,6,18,7,4,11,85,6,1,231,16,12,13,20,23,5,31,8,32,1,13,8,49,6,148,9,315,287,95,773,10,10,62,15,16,6,8,10,3694,14,46,21,206,9,37,206,44,21,1,3,79,8,16,27,45,6,41,1,60,20,7,18,8,347,74,8,10,34,12,24,4,453,9,75,9,13,43,6,100,4,21,10,25,25,18,12,1,6,12,1026,5,61,1,8,16,109,24,39,97,7,31,8,7,167,11,47,54,5,34,76,16,11,3,21,5,3,8,63,63,472,35,22,4,27,60,22,5,3,3,36,15,33,90,4,1595,3,14,63,34,7,26,10,23,34,11,46,16,2,5,13,22,2,3,125,3,129,6,20,16,25,35,2,187,70,67,27,12,5,4,28,33,47,14,20,19,2,8,11,274,45,59,22,28,1,18,12,7,33,53,50,98,1,4,4,53,4,24,2,4,28,1,40,1032,17,14,11,1,10,15,28,74,10,17,2,115,19,15,3,2,7,44,4,11,35,5,27,2,5,5,127,2,9,10,4,24,5,11,3,6,138,7,69,48,30,35,18,2,22,42,3,24,13,1,7,33,3,22,21,58,3,6,71,12,35,30,1,17,13,141,321,8,4,32,30,25,39,1,4,3,27,4,170,2,1,22,4,5,10,7,5,17,26,29,2,11,49,3,9,38,4,36,14,46,58,9,8,32,7,105,2,34,89,145,1,16,30,6,46,6060,1152,9,6,17,3,50,32,72,84,7,5,14,2,3,43,6,12,30,1,19,8,2,4,19,12,6,108,1,10,74,1231,33,65,65,1,1,5,6,20,13,30,878,2,5,8,1,2,30,21,18,19,48,4,66,43,1,4,20,4,11,438,19,162,12,6,17,138,31,15,505,78,9,13,84,73,9,2,11,38,9,4,3,6,135,92,1,12,5,1748,1,39,42,8,79,2,2,52,2,30,2,17,12,31,2,3,205,62,615,851,24,2,1,39,125,14,2,16,18,6,1,7,25,2,1,4,9,1,7,13,10,8,26,4,10,11,14,71,51,5,72,8,8,24,306,6,3,9,12,4,8,1,4,4,6,30,9,20,13,17,13,5,23,23,6,7,11,19,314,45,2,17,17,115,25,6,1,3,2,33,7,2,24,6359,5,22,2,3,53,1,12,33,3,15,6,15,11,10,2,7,32,1,1,2,14,195,14,7,15,132,11,23,1,4,46,39,25,4,13,17,9,34,1,8,2,9,9,1,5,1,4,68,2,38,3,21,17,2,1,67,3025,22,46,2438,54,1,116,5,19,22,16,15,4,8,5,840,28,1036,30,7,119,37,7,11,11,1,20,1,3,7,4,17,11,12,6,18,36,1,2,9,23,3,2,2,6,11,39,35,4,6,6,36,6,111,9,9,13,2,5,4,46,2,8,26,1,8216,13,14,20,13,1,11,35,19,17,31,7,6,14,21,75,6,7,26,14,1,1,29,24,105,85,3059,3,6,35,6,23,1,3,4,26,5,12,32,4,8,6,71,27,27,29,1143,8,8,4,49,13,185,164,4,528,4,9,1,4,25,16,2,14,11,1,2,2,6,20,1,1,1,42,12,4,14,3,9,20,768,20,32,19,3,2,4,7,496,4,13,57,9,4,31,15,65,2,11,23,18,6,5,3,5,2,13,8010,14,25,17,28,15,7,12,17,3,39,3,4,1,13,5,7,12,1,2,19,1,25,11,4,2,7,1,1,14,5,10,2,33,11,8,1,8,20,18,11,10,12,28,6,19,3,7,3,8,11,25,35,9,1,75,4,2,8,4,1,9,1,62,8,4,2,1,2,2,8,7,2,11,1,2,10,3,19,18,1,6,2,2284,4,5,7,2,6,31,2,25,9,13,3,3,5,9,28,2,6,3,24,25,4,409,5,27,22,2,2,1,12,3,7,3,11,28,8,7,3,1,33,3,9,1307,5,19,11,11,2,2,4,5,70,25,2,287,7,24,10,1,16,58,18,2,1,3,26,39,7,10,1,4,2,2,16,27,7,11,8,17,6,6,15,32,6,4,11,1,16,7,11,4,5,22,12,1,5,3,37,18015,10,482,13,5,255,7,12,10,4,17,11,4,34,8,2,6,2,16,3,11,84,3,12,12,7,1,78,1,7,66,155,11,3,5,5,2,2,5,5,7,6,4,1,2,1,2,1,16,1,7,2,4,2,191,44,2,18,22,4,4,5,10,15,23,20,11,10,27,1,17,3,3,1,1,7,12,8,2,229,5,4,4,1,6,4,4,45,31,3,8,10,7,3,11,14,8,17,5,2,5,1,5,5,8,1,12,1,52,6,3,10,9,1,3,14,6,20,24,2,1,12,4,12,2,6,3,6,1,9,32,4,36,12,24,37,2,49,7,2,6,2,1,14,3,41,1,3,10,3,4,7,7,1,3,4,5,9,7,4,1,8,30,211,5,24,17,9,15,2,16,4,3,8,12,4,376,3,2,23,4,3,7,3,10,1,1,12,2,2,2,1,4,2,12,5,6,20,53,7,1,159,5,19,11,4,12,11,1,5,1929,2,11,10,5,1,14,5,45,20,3,1,3,16,1,1,2,2,1,1,9,27,4,6,3,3,3,40,2,13,8,344,1,6,156,1,613,417,2,15,3,2,15,345,3,16,1,1090,3,4,4,23,3,7,5,5,11,4,11,1,8,3,2,3,6,1,2,6,16,126,17,10,3,4,12,1,2,2,4,11,11,18,1,5,4,15,2,8,10,1,4,29,4,8,6,17,1,4,2,1,1,7,2,2,1,3,9,3,2,18,14,3,6,2,23,15,6,18,35,1432,566,19,1,3,65,22,4,15,16,2,3,1,2,1,20,4,4,10,5,2,5,17,1,18,11,1,1,9,1,96,30,1,3,13,8,27,6,97,17,11,2,180,1,18,1,12,4,8,5,7,3,5,1,2,23,5,2,1,59,3,23,10,164,9,7,3,1,1,1,9,5,28,5,1,12,38,6,4,3,13,19,9,16,29,12,2,12,19,2,3,3,10,2,16,6,2,37,5,8,8,1,4,1,236,3,2,3,8,7,1,23,2,25,5,6,49,17,1,2167,8,4,8,2,2,1,6,2,7,2,1,3,2,49,4,20,1,15,9,86,1,14,2,1,4,2,3,5,2,3,9,5,2,48,2,1,9,13,14,11,2,6,5,1,1,15,4,14,5,25,1,5,1,1,3