"","Alphaproteobacteria","Deferribacteres","Gammaproteobacteria","Betaproteobacteria","Actinomycetia","Bacilli","delta/epsilon subdivisions","Clostridia","Cytophagia","Pleurocapsales","Gemmatimonadetes","Planctomycetia","Thermotogae","Tissierellia","Sphingobacteriia","Oscillatoriophycideae","Flavobacteriia","Deinococci","Bacteroidia","Chloroflexi incertae sedis","Negativicutes","Thermoleophilia","Fusobacteriia","Mollicutes","Chlamydiia","Thermodesulfobacteria","Spirochaetia","Chlorobia","Chitinophagia","Coriobacteriia","Nostocales","Phycisphaerae","Vicinamibacteria","Acidobacteriia","Verrucomicrobiae","Dehalococcoidia","Chloroflexia","Dictyoglomia","Hydrogenophilalia","Bacteria candidate phyla","Synechococcales","Pseudanabaenales","Oligoflexia","Erysipelotrichia","Nitrospira","Opitutae","Elusimicrobia","Acidimicrobiia","Firmicutes sensu stricto incertae sedis","Acidithiobacillia","Blastocatellia","Candidatus Brocadiae","Rubrobacteria","(Phylum)Proteobacteria","Gloeobacteria","Aquificae","Thermodesulfovibrionia","Tenericutes incertae sedis","Zetaproteobacteria","Bacteroidetes Order II. Incertae sedis","Synergistia","Anaerolineae","(Phylum)Firmicutes","(Phylum)Cyanobacteria","(Phylum)Actinobacteria","Fibrobacteria","Chrysiogenetes","(Unclassified)Bacteria","Tepidiformia","Nitriliruptoria","Thermomicrobia","Limnochordia","unclassified Balneolaeota","Ktedonobacteria","Verrucomicrobia incertae sedis","(Phylum)Bacteroidetes","(Phylum)Chloroflexi","Coprothermobacteria","Kiritimatiellae","Candidatus Vampirococcus","Saprospiria","Holophagae","Caldisericia","Ardenticatenia","Ignavibacteria","unclassified Firmicutes sensu stricto","Fimbriimonadia","Calditrichia","Atribacteria","Endomicrobia","Caldilineae","Methylacidiphilae","Candidatus Cloacimonas"
"Sample",5396,21,6639,3210,27140,24638,1893,27638,2666,4,42,336,65,174,584,63,1493,269,61910,1,390,13,131,128,22,24,377,213,550,3552,83,42,8,184,2313,39,16,5,3,8,243,46,27,2165,30,106,5,79,12,19,18,2,43,1748,15,31,6,2,11,91,58,21,1036,17,105,29,20,8010,7,22,13,8,10,4,9,1307,2,1,10,4,67,1,1,7,6,4,12,6,1,3,17,2,1